2026-06-08 20:50:22,654 ML Pattern Scorer V2 - Training Pipeline
2026-06-08 20:50:22,654 ============================================================
2026-06-08 20:50:22,654 Tier: 61_90 (daysOut 61-90)
2026-06-08 20:50:22,654 Target: SR (actual_return)
2026-06-08 20:50:22,654 VIX hurricane cutoff: 35
2026-06-08 20:50:22,655 Against-season filter: OFF
2026-06-08 20:50:22,660 FEATURE_COLS matches ml_scorer/config.py -- OK
2026-06-08 20:50:22,729 Loading training data from C:/seasonals/ml_scorer/features\training_data_61_90.parquet (tier: 61_90)
2026-06-08 20:51:11,877 Loaded 59,132,982 samples, 68 columns
2026-06-08 20:51:11,927 Using 62 of 62 features
2026-06-08 20:51:56,408 VIX hurricane filter (>35): removing 2,884,167 samples (4.9%)
2026-06-08 20:52:39,838 Using 62 features
2026-06-08 20:52:47,748 Memory: 24.08 GB
2026-06-08 20:52:48,153 Regression target stats: mean=3.695%, std=14.258%
2026-06-08 20:52:48,247 Base win rate: 0.6525
2026-06-08 20:52:49,110 Year distribution:
        count      mean        std
year                              
2000  1916512  4.985694  21.935295
2001  1824315  3.260504  18.683678
2002  1635460  0.595421  19.056812
2003  2077584  5.481835  19.332949
2004  2090885  3.374950  12.666570
2005  2099148  4.059637  12.520094
2006  2139587  4.030451  11.581347
2007  2185816 -1.084658  13.110200
2008  1505504 -3.494792  20.962337
2009  1611740  6.554461  16.291887
2010  2157456  6.614600  12.427560
2011  2014738  2.551229  13.957921
2012  2322384  3.808864  11.761728
2013  2342538  3.816541  10.985119
2014  2364151  4.837574   9.127357
2015  2362870 -0.559431  10.910776
2016  2393319  5.109289  11.913089
2017  2399110  3.270619  10.160564
2018  2389167  2.849766  11.479003
2019  2420236  4.033857  11.851645
2020  1974266  5.452340  18.857780
2021  2415304  4.336062  11.905550
2022  2392038  6.730318  12.021599
2023  2414808  5.513409  14.040979
2024  2417861  3.891181  12.260461
2025  2382018  3.692784  14.929554
2026-06-08 20:52:49,159 Loading saved params from C:/seasonals/ml_scorer/results\v2_tuned_params_61_90.json
2026-06-08 20:52:49,380 Params: {
  "objective": "regression",
  "metric": "rmse",
  "boosting_type": "gbdt",
  "verbose": -1,
  "n_jobs": -1,
  "seed": 42,
  "bagging_freq": 5,
  "max_bin": 255,
  "num_leaves": 56,
  "learning_rate": 0.0495597831072752,
  "min_child_samples": 399,
  "feature_fraction": 0.6765657904991891,
  "bagging_fraction": 0.8707328477406107,
  "lambda_l1": 0.4022212977962134,
  "lambda_l2": 0.002221452507623973
}
2026-06-08 20:52:49,380 Skipping walk-forward validation (--final-only)
2026-06-08 20:52:49,406 

PHASE 2: Final Ensemble Training
2026-06-08 20:52:49,407 
============================================================
2026-06-08 20:52:49,407 Training FINAL ensemble (2000-2024)
2026-06-08 20:52:49,407 ============================================================
2026-06-08 20:53:53,649 Train: 53,866,797 samples
2026-06-08 20:53:53,669 Val (2025 holdout): 2,382,018 samples
2026-06-08 20:53:53,676 Training final LightGBM...
2026-06-08 20:58:46,424 LGB saved: C:/seasonals/ml_scorer/models\v2_lgb_61_90_20260608.txt (best iter: 231)
2026-06-08 20:58:46,446 Training final XGBoost...
Training until validation scores don't improve for 50 rounds
[100]	valid_0's rmse: 14.5349
[200]	valid_0's rmse: 14.3704
Early stopping, best iteration is:
[231]	valid_0's rmse: 14.3498
[0]	val-rmse:14.92482
[100]	val-rmse:14.80102
[102]	val-rmse:14.79925
2026-06-08 21:08:05,482 XGB saved: C:/seasonals/ml_scorer/models\v2_xgb_61_90_20260608.json (best iter: 52)
2026-06-08 21:08:05,503 Training final CatBoost...
2026-06-08 21:21:48,689 CatBoost saved: C:/seasonals/ml_scorer/models\v2_catboost_61_90_20260608.cbm (best iter: 308)
2026-06-08 21:21:48,691 Final ensemble trained in 1675.0s
2026-06-08 21:21:48,704 Feature count validation: expected=62, LGB=62, XGB=62, CatBoost=62
2026-06-08 21:21:49,128 
Top 20 features by LGB gain:
2026-06-08 21:21:49,164                    feature      lgb_gain  lgb_split
51   ctx_pct_from_52w_high  2.955181e+09        955
42      mkt_fed_rate_level  2.896880e+09        953
32   mkt_yield_curve_10y2y  2.827905e+09        842
34       mkt_credit_spread  2.698015e+09        580
54         cal_day_of_year  2.296941e+09        772
57             cal_pe_year  2.141084e+09        463
2            pat_direction  1.819300e+09        220
43  mkt_fed_rate_direction  1.697117e+09        555
28           mkt_vix_level  1.478198e+09        390
1          pat_avg_profit2  1.209328e+09        444
52    ctx_pct_from_52w_low  1.039590e+09        666
44          mkt_dxy_roc_20  9.203714e+08        222
5    pat_depth_utilization  8.112402e+08        192
3           pat_data_years  7.732940e+08        553
31  mkt_vix_term_structure  7.528637e+08        218
46           mkt_gc_roc_20  6.481213e+08        210
53               cal_month  5.351434e+08        188
58     pat_dir_x_mkt_trend  5.106800e+08        136
48    mkt_spx_seasonal_ret  4.845543e+08        224
11      pat_pe_utilization  4.817795e+08        230
2026-06-08 21:21:56,225 
2025 holdout: AUC=0.7049, RMSE=14.3498, Acc=0.6921
C:\Users\afshi\AppData\Local\Programs\Python\Python312\Lib\site-packages\numpy\_core\fromnumeric.py:57: RuntimeWarning: overflow encountered in accumulate
  return bound(*args, **kwds)
C:\Users\afshi\AppData\Local\Programs\Python\Python312\Lib\site-packages\numpy\_core\fromnumeric.py:57: RuntimeWarning: overflow encountered in accumulate
  return bound(*args, **kwds)
C:\Users\afshi\AppData\Local\Programs\Python\Python312\Lib\site-packages\numpy\_core\fromnumeric.py:57: RuntimeWarning: overflow encountered in accumulate
  return bound(*args, **kwds)
C:\Users\afshi\AppData\Local\Programs\Python\Python312\Lib\site-packages\numpy\_core\fromnumeric.py:57: RuntimeWarning: overflow encountered in accumulate
  return bound(*args, **kwds)
C:\Users\afshi\AppData\Local\Programs\Python\Python312\Lib\site-packages\numpy\_core\fromnumeric.py:57: RuntimeWarning: overflow encountered in accumulate
  return bound(*args, **kwds)
C:\Users\afshi\AppData\Local\Programs\Python\Python312\Lib\site-packages\numpy\_core\fromnumeric.py:57: RuntimeWarning: overflow encountered in accumulate
  return bound(*args, **kwds)
C:\Users\afshi\AppData\Local\Programs\Python\Python312\Lib\site-packages\numpy\_core\fromnumeric.py:57: RuntimeWarning: overflow encountered in accumulate
  return bound(*args, **kwds)
C:\Users\afshi\AppData\Local\Programs\Python\Python312\Lib\site-packages\numpy\_core\fromnumeric.py:57: RuntimeWarning: overflow encountered in accumulate
  return bound(*args, **kwds)
2026-06-08 21:21:57,109 
2025 holdout trading performance:
2026-06-08 21:21:57,109   baseline  : 2382018 trades, win=0.639, avg_ret=3.69%, sharpe=3.93
2026-06-08 21:21:57,109   ML_50     : 1191010 trades, win=0.777, avg_ret=7.79%, sharpe=8.68
2026-06-08 21:21:57,109   ML_60     : 952808 trades, win=0.794, avg_ret=8.57%, sharpe=9.35
2026-06-08 21:21:57,109   ML_70     : 714606 trades, win=0.814, avg_ret=9.57%, sharpe=10.15
2026-06-08 21:21:57,109   ML_80     : 476404 trades, win=0.831, avg_ret=10.88%, sharpe=10.99
2026-06-08 21:21:57,109   ML_85     : 357303 trades, win=0.846, avg_ret=11.95%, sharpe=11.71
2026-06-08 21:21:57,109   ML_90     : 238202 trades, win=0.865, avg_ret=13.66%, sharpe=12.79
2026-06-08 21:21:57,110   ML_pos    : 1797469 trades, win=0.719, avg_ret=5.93%, sharpe=6.61
2026-06-08 21:21:57,165 
Calibration range check:
2026-06-08 21:21:57,165   WF calibration range: [-38.8852, 51.0079]
2026-06-08 21:21:57,165   Final model holdout:  [-12.2554, 30.5790]
2026-06-08 21:21:57,165   Below cal range: 0.00% of holdout predictions
2026-06-08 21:21:57,165   Above cal range: 0.00% of holdout predictions
2026-06-08 21:21:58,407 
V2 Training Complete!
0:	learn: 14.1223411	test: 14.9377638	best: 14.9377638 (0)	total: 2.8s	remaining: 1h 33m 23s
100:	learn: 11.9322705	test: 14.2759951	best: 14.2140565 (83)	total: 3m 48s	remaining: 1h 11m 27s
200:	learn: 11.4390807	test: 14.1830526	best: 14.1830526 (200)	total: 7m 25s	remaining: 1h 6m 23s
300:	learn: 11.1196256	test: 14.1317690	best: 14.1106022 (284)	total: 10m 58s	remaining: 1h 1m 56s
Stopped by overfitting detector  (50 iterations wait)

bestTest = 14.10998386
bestIteration = 308

Shrink model to first 309 iterations.
