[Parallel(n_jobs=24)]: Using backend LokyBackend with 24 concurrent workers.
[Parallel(n_jobs=24)]: Done  24 tasks      | elapsed:    1.5s
[Parallel(n_jobs=24)]: Done 114 tasks      | elapsed:    4.5s
[Parallel(n_jobs=24)]: Done 240 tasks      | elapsed:    8.5s
[Parallel(n_jobs=24)]: Done 402 tasks      | elapsed:   15.2s
[Parallel(n_jobs=24)]: Done 600 tasks      | elapsed:   23.1s
[Parallel(n_jobs=24)]: Done 834 tasks      | elapsed:   32.6s
[Parallel(n_jobs=24)]: Done 1104 tasks      | elapsed:   43.9s
[Parallel(n_jobs=24)]: Done 1410 tasks      | elapsed:   55.4s
[Parallel(n_jobs=24)]: Done 1752 tasks      | elapsed:  1.2min
[Parallel(n_jobs=24)]: Done 2130 tasks      | elapsed:  1.5min
[Parallel(n_jobs=24)]: Done 2544 tasks      | elapsed:  1.7min
[Parallel(n_jobs=24)]: Done 2994 tasks      | elapsed:  2.0min
[Parallel(n_jobs=24)]: Done 3480 tasks      | elapsed:  2.4min
[Parallel(n_jobs=24)]: Done 3544 out of 3544 | elapsed:  2.5min finished
PIT premise test (all): 3544 symbols x 122 month-days x 5 daysOut x 2 directions, fwd years 2000-2025, njobs=24
63,975,444 pattern-year rows from 2346 symbols in 150s

=== PIT PREMISE SUMMARY (per direction x depth bucket) ===
direction    depth_bucket          n   fwd_wr  fwd_avg_ret_pct  ret_t_stat
        l never_qualified 12927873.0 0.529156       113.648827    6.665028
        l       depth_5_9  5803301.0 0.543355         2.279679   15.716089
        l     depth_10_14  2854987.0 0.564992         2.906975   16.237825
        l     depth_15_19  1136960.0 0.571234         2.824241   16.768240
        l     depth_20_29   712401.0 0.598518         2.766556   21.394133
        l    depth_30plus   161920.0 0.609616         2.632073   87.005956
        s never_qualified 17433787.0 0.446716       -83.115945   -6.573958
        s       depth_5_9  4581838.0 0.463460        -5.576622  -15.585699
        s     depth_10_14  1232912.0 0.482974       -16.508062   -7.442595
        s     depth_15_19   272132.0 0.496131        -4.597916   -5.717346
        s     depth_20_29    73222.0 0.514586        -2.538107   -5.017775
        s    depth_30plus     3551.0 0.515629        -2.206162   -2.491777

=== VERDICT ===
{
  "l": {
    "n_unqualified": 12927873,
    "wr_unqualified": 0.5291564977471546,
    "n_q10_8": 2526052,
    "wr_q10_8": 0.5757296366028887,
    "lift_q10_8_pp": 4.65731388557341,
    "n_deep15plus": 2011281,
    "wr_deep15plus": 0.5839880155980194,
    "lift_deep15plus_pp": 5.483151785086482,
    "avg_ret_q10_8_pct": 2.611326974943675,
    "avg_ret_unqualified_pct": 113.64882694646161
  },
  "s": {
    "n_unqualified": 17433787,
    "wr_unqualified": 0.4467157938777157,
    "n_q10_8": 743051,
    "wr_q10_8": 0.49107665557276686,
    "lift_q10_8_pp": 4.436086169505115,
    "n_deep15plus": 348905,
    "wr_deep15plus": 0.5002020607328642,
    "lift_deep15plus_pp": 5.348626685514851,
    "avg_ret_q10_8_pct": -18.84921785200759,
    "avg_ret_unqualified_pct": -83.11594513473098
  },
  "context": {
    "training_base_wr_full_history_selected": 0.678,
    "training_selection_gap_claimed_pp": 13.0,
    "note": "lift_*_pp is the HONEST forward edge of PIT qualification vs never-qualified patterns in the same hindsight-free universe. Compare against the 13pp qualify/not gap measured on the full-history-mined training data: the difference is the look-ahead component."
  }
}
